AR trigger_recv_blk behavioral D:/cbradford/FiFoFix/GEL_CAPTAN/trigger_recv_blk.vhd sub00/vhpl61 1477686783
AR peakfinder behavioral D:/cbradford/FiFoFix/GEL_CAPTAN/PeakFinder.vhd sub00/vhpl69 1477686791
EN address_container NULL D:/cbradford/FiFoFix/oei/address_container.vhd sub00/vhpl02 1477686724
AR m2_1_mxilinx_top_level behavioral D:/cbradford/FiFoFix/GEL_CAPTAN/TOP_LEVEL.vhf sub00/vhpl85 1477686807
EN ethernet_controller NULL D:/cbradford/FiFoFix/oei/ethernet_controller.vhd sub00/vhpl40 1477686762
AR reset_mgr behavioral D:/cbradford/FiFoFix/oei/reset_mgr.vhd sub00/vhpl53 1477686775
EN filter_data_out NULL D:/cbradford/FiFoFix/oei/filter_data_out.vhd sub00/vhpl16 1477686738
PH params_package NULL D:/cbradford/FiFoFix/oei/params_package.vhd sub00/vhpl00 1477686722
EN ethernet_controller_wrapper NULL D:/cbradford/FiFoFix/oei/ethernet_controller_wrapper.vhd sub00/vhpl46 1477686768
AR addr_fifo addr_fifo_a D:/cbradford/FiFoFix/ipcore_dir/ADDR_FIFO.vhd sub00/vhpl31 1477686753
EN reset_mgr NULL D:/cbradford/FiFoFix/oei/reset_mgr.vhd sub00/vhpl52 1477686774
AR ram_comm_dec arch D:/cbradford/FiFoFix/oei/ram_comm_dec.vhd sub00/vhpl37 1477686759
EN ip_checksum_calc NULL D:/cbradford/FiFoFix/oei/ip_checksum_calc.vhd sub00/vhpl08 1477686730
EN fd8re_mxilinx_top_level NULL D:/cbradford/FiFoFix/GEL_CAPTAN/TOP_LEVEL.vhf sub00/vhpl80 1477686802
EN data_manager NULL D:/cbradford/FiFoFix/oei/data_manager.vhd sub00/vhpl48 1477686770
EN burst_controller_sm NULL D:/cbradford/FiFoFix/oei/burst_controller_sm.vhd sub00/vhpl32 1477686754
AR buffer_10bit behavioral D:/cbradford/FiFoFix/GEL_CAPTAN/buffer_10bit.vhd sub00/vhpl59 1477686781
EN dataout_mux NULL D:/cbradford/FiFoFix/oei/dataout_mux.vhd sub00/vhpl12 1477686734
AR burst_traffic_controller burst_traffic_controller_arch D:/cbradford/FiFoFix/oei/burst_traffic_controller.vhd sub00/vhpl51 1477686773
AR version_blk behavioral D:/cbradford/FiFoFix/GEL_CAPTAN/VERSION_BLK.vhd sub00/vhpl55 1477686777
EN data_fifo_0 NULL D:/cbradford/FiFoFix/ipcore_dir/DATA_FIFO_0.vhd sub00/vhpl26 1477686748
AR udp_data_splicer udp_data_splicer_arch D:/cbradford/FiFoFix/oei/udp_data_splicer.vhd sub00/vhpl23 1477686745
AR address_container arch D:/cbradford/FiFoFix/oei/address_container.vhd sub00/vhpl03 1477686725
AR top_level behavioral D:/cbradford/FiFoFix/GEL_CAPTAN/TOP_LEVEL.vhf sub00/vhpl89 1477686811
AR mux64_8 behavioral D:/cbradford/FiFoFix/GEL_CAPTAN/MUX64_8.vhd sub00/vhpl57 1477686779
EN or33 NULL D:/cbradford/FiFoFix/oei/or33.vhd sub00/vhpl06 1477686728
EN d4_16e_mxilinx_top_level NULL D:/cbradford/FiFoFix/GEL_CAPTAN/TOP_LEVEL.vhf sub00/vhpl86 1477686808
EN adc_fifo NULL D:/cbradford/FiFoFix/GEL_CAPTAN/ipcore_dir/ADC_FIFO.vhd sub00/vhpl78 1477686800
AR tx_seq_ctl arch D:/cbradford/FiFoFix/oei/tx_seq_ctl.vhd sub00/vhpl39 1477686761
AR ethernet_fifo ethernet_fifo_a D:/cbradford/FiFoFix/GEL_CAPTAN/ipcore_dir/ethernet_FIFO.vhd sub00/vhpl67 1477686789
AR icmp_ping_shift_reg arch D:/cbradford/FiFoFix/oei/icmp_ping_shift_reg.vhd sub00/vhpl21 1477686743
AR fd16re_mxilinx_top_level behavioral D:/cbradford/FiFoFix/GEL_CAPTAN/TOP_LEVEL.vhf sub00/vhpl83 1477686805
AR clocklatchsignals behavioral D:/cbradford/FiFoFix/GEL_CAPTAN/ClockLatchSignals.vhd sub00/vhpl77 1477686799
AR decipherer decipherer_arch D:/cbradford/FiFoFix/oei/decipherer.vhd sub00/vhpl15 1477686737
EN ram_comm_dec NULL D:/cbradford/FiFoFix/oei/ram_comm_dec.vhd sub00/vhpl36 1477686758
EN tx_seq_ctl NULL D:/cbradford/FiFoFix/oei/tx_seq_ctl.vhd sub00/vhpl38 1477686760
AR adc_fifo adc_fifo_a D:/cbradford/FiFoFix/GEL_CAPTAN/ipcore_dir/ADC_FIFO.vhd sub00/vhpl79 1477686801
AR ethernet_controller_wrapper arch D:/cbradford/FiFoFix/oei/ethernet_controller_wrapper.vhd sub00/vhpl47 1477686769
EN rx_ctl NULL D:/cbradford/FiFoFix/oei/rx_ctl.vhd sub00/vhpl34 1477686756
AR filter_data_out filter_data_out_arch D:/cbradford/FiFoFix/oei/filter_data_out.vhd sub00/vhpl17 1477686739
AR psudodata behavioral D:/cbradford/FiFoFix/GEL_CAPTAN/psudoData.vhd sub00/vhpl73 1477686795
MO crc_gen NULL ../oei/crc_gen.v vlg21/crc__gen.bin 1477686723
EN pulser NULL D:/cbradford/FiFoFix/GEL_CAPTAN/Pulser.vhd sub00/vhpl64 1477686786
AR info_fifo_0 info_fifo_0_a D:/cbradford/FiFoFix/ipcore_dir/INFO_FIFO_0.vhd sub00/vhpl29 1477686751
AR pulser behavioral D:/cbradford/FiFoFix/GEL_CAPTAN/Pulser.vhd sub00/vhpl65 1477686787
AR psudo_data_allone behavioral D:/cbradford/FiFoFix/GEL_CAPTAN/psudo_data_allOne.vhd sub00/vhpl75 1477686797
EN version_blk NULL D:/cbradford/FiFoFix/GEL_CAPTAN/VERSION_BLK.vhd sub00/vhpl54 1477686776
AR data_send behavioral D:/cbradford/FiFoFix/GEL_CAPTAN/data_send.vhd sub00/vhpl71 1477686793
AR rx_ctl arch D:/cbradford/FiFoFix/oei/rx_ctl.vhd sub00/vhpl35 1477686757
EN peakfinder NULL D:/cbradford/FiFoFix/GEL_CAPTAN/PeakFinder.vhd sub00/vhpl68 1477686790
AR data_fifo_0 data_fifo_0_a D:/cbradford/FiFoFix/ipcore_dir/DATA_FIFO_0.vhd sub00/vhpl27 1477686749
AR ip_checksum_calc arch D:/cbradford/FiFoFix/oei/ip_checksum_calc.vhd sub00/vhpl09 1477686731
EN create_packet NULL D:/cbradford/FiFoFix/oei/create_packet.vhd sub00/vhpl10 1477686732
AR burst_controller_sm burst_controller_sm_arch D:/cbradford/FiFoFix/oei/burst_controller_sm.vhd sub00/vhpl33 1477686755
AR crc_splice arch D:/cbradford/FiFoFix/oei/crc_splice.vhd sub00/vhpl45 1477686767
AR d4_16e_mxilinx_top_level behavioral D:/cbradford/FiFoFix/GEL_CAPTAN/TOP_LEVEL.vhf sub00/vhpl87 1477686809
AR fd8re_mxilinx_top_level behavioral D:/cbradford/FiFoFix/GEL_CAPTAN/TOP_LEVEL.vhf sub00/vhpl81 1477686803
EN icmp_ping_shift_reg NULL D:/cbradford/FiFoFix/oei/icmp_ping_shift_reg.vhd sub00/vhpl20 1477686742
EN ethernet_fifo NULL D:/cbradford/FiFoFix/GEL_CAPTAN/ipcore_dir/ethernet_FIFO.vhd sub00/vhpl66 1477686788
AR ethernet_controller arch D:/cbradford/FiFoFix/oei/ethernet_controller.vhd sub00/vhpl41 1477686763
EN data_send NULL D:/cbradford/FiFoFix/GEL_CAPTAN/data_send.vhd sub00/vhpl70 1477686792
EN psudo_data_allone NULL D:/cbradford/FiFoFix/GEL_CAPTAN/psudo_data_allOne.vhd sub00/vhpl74 1477686796
EN icmp_ping_checksum_calc NULL D:/cbradford/FiFoFix/oei/icmp_ping_checksum_calc.vhd sub00/vhpl18 1477686740
AR icmp_ping_checksum_calc icmp_ping_checksum_calc_arch D:/cbradford/FiFoFix/oei/icmp_ping_checksum_calc.vhd sub00/vhpl19 1477686741
AR user_addrs_mux user_addrs_mux_arch D:/cbradford/FiFoFix/oei/user_addrs_mux.vhd sub00/vhpl25 1477686747
EN m2_1_mxilinx_top_level NULL D:/cbradford/FiFoFix/GEL_CAPTAN/TOP_LEVEL.vhf sub00/vhpl84 1477686806
EN psudodata NULL D:/cbradford/FiFoFix/GEL_CAPTAN/psudoData.vhd sub00/vhpl72 1477686794
EN buffer_10bit NULL D:/cbradford/FiFoFix/GEL_CAPTAN/buffer_10bit.vhd sub00/vhpl58 1477686780
AR create_packet create_packet_arch D:/cbradford/FiFoFix/oei/create_packet.vhd sub00/vhpl11 1477686733
EN burst_traffic_controller NULL D:/cbradford/FiFoFix/oei/burst_traffic_controller.vhd sub00/vhpl50 1477686772
AR or33 or33_arch D:/cbradford/FiFoFix/oei/or33.vhd sub00/vhpl07 1477686729
AR arp_reply arp_reply_arch D:/cbradford/FiFoFix/oei/arp_reply.vhd sub00/vhpl05 1477686727
EN user_addrs_mux NULL D:/cbradford/FiFoFix/oei/user_addrs_mux.vhd sub00/vhpl24 1477686746
EN trigger_recv_blk NULL D:/cbradford/FiFoFix/GEL_CAPTAN/trigger_recv_blk.vhd sub00/vhpl60 1477686782
EN mii_100_1000_handler NULL D:/cbradford/FiFoFix/oei/xmii_handler.vhd sub00/vhpl42 1477686764
EN crc_splice NULL D:/cbradford/FiFoFix/oei/crc_splice.vhd sub00/vhpl44 1477686766
AR ethernet_interface behavioral D:/cbradford/FiFoFix/oei/ethernet_interface.vhd sub00/vhpl63 1477686785
EN ethernet_interface NULL D:/cbradford/FiFoFix/oei/ethernet_interface.vhd sub00/vhpl62 1477686784
EN fd16re_mxilinx_top_level NULL D:/cbradford/FiFoFix/GEL_CAPTAN/TOP_LEVEL.vhf sub00/vhpl82 1477686804
EN udp_data_splicer NULL D:/cbradford/FiFoFix/oei/udp_data_splicer.vhd sub00/vhpl22 1477686744
AR dataout_mux dataout_mux_arch D:/cbradford/FiFoFix/oei/dataout_mux.vhd sub00/vhpl13 1477686735
AR data_manager behavioral D:/cbradford/FiFoFix/oei/data_manager.vhd sub00/vhpl49 1477686771
EN info_fifo_0 NULL D:/cbradford/FiFoFix/ipcore_dir/INFO_FIFO_0.vhd sub00/vhpl28 1477686750
EN arp_reply NULL D:/cbradford/FiFoFix/oei/arp_reply.vhd sub00/vhpl04 1477686726
MO crc_chk NULL ../oei/crc_chk.v vlg49/crc__chk.bin 1477686723
AR mii_100_1000_handler arch D:/cbradford/FiFoFix/oei/xmii_handler.vhd sub00/vhpl43 1477686765
PB params_package params_package D:/cbradford/FiFoFix/oei/params_package.vhd sub00/vhpl01 1477686723
EN mux64_8 NULL D:/cbradford/FiFoFix/GEL_CAPTAN/MUX64_8.vhd sub00/vhpl56 1477686778
EN top_level NULL D:/cbradford/FiFoFix/GEL_CAPTAN/TOP_LEVEL.vhf sub00/vhpl88 1477686810
EN decipherer NULL D:/cbradford/FiFoFix/oei/decipherer.vhd sub00/vhpl14 1477686736
EN addr_fifo NULL D:/cbradford/FiFoFix/ipcore_dir/ADDR_FIFO.vhd sub00/vhpl30 1477686752
EN clocklatchsignals NULL D:/cbradford/FiFoFix/GEL_CAPTAN/ClockLatchSignals.vhd sub00/vhpl76 1477686798
