AR trigger_recv_blk behavioral D:/cbradford/FiFoFix/GEL_CAPTAN/trigger_recv_blk.vhd sub00/vhpl61 1488571369
AR peakfinder behavioral D:/cbradford/FiFoFix/GEL_CAPTAN/PeakFinder.vhd sub00/vhpl69 1488571377
EN address_container NULL D:/cbradford/FiFoFix/oei/address_container.vhd sub00/vhpl02 1488571310
AR m2_1_mxilinx_top_level behavioral D:/cbradford/FiFoFix/GEL_CAPTAN/TOP_LEVEL.vhf sub00/vhpl85 1488571393
EN ethernet_controller NULL D:/cbradford/FiFoFix/oei/ethernet_controller.vhd sub00/vhpl40 1488571348
AR reset_mgr behavioral D:/cbradford/FiFoFix/oei/reset_mgr.vhd sub00/vhpl53 1488571361
EN filter_data_out NULL D:/cbradford/FiFoFix/oei/filter_data_out.vhd sub00/vhpl16 1488571324
PH params_package NULL D:/cbradford/FiFoFix/oei/params_package.vhd sub00/vhpl00 1488571308
EN ethernet_controller_wrapper NULL D:/cbradford/FiFoFix/oei/ethernet_controller_wrapper.vhd sub00/vhpl46 1488571354
AR addr_fifo addr_fifo_a D:/cbradford/FiFoFix/ipcore_dir/ADDR_FIFO.vhd sub00/vhpl31 1488571339
EN reset_mgr NULL D:/cbradford/FiFoFix/oei/reset_mgr.vhd sub00/vhpl52 1488571360
AR ram_comm_dec arch D:/cbradford/FiFoFix/oei/ram_comm_dec.vhd sub00/vhpl37 1488571345
EN ip_checksum_calc NULL D:/cbradford/FiFoFix/oei/ip_checksum_calc.vhd sub00/vhpl08 1488571316
EN fd8re_mxilinx_top_level NULL D:/cbradford/FiFoFix/GEL_CAPTAN/TOP_LEVEL.vhf sub00/vhpl80 1488571388
EN data_manager NULL D:/cbradford/FiFoFix/oei/data_manager.vhd sub00/vhpl48 1488571356
EN burst_controller_sm NULL D:/cbradford/FiFoFix/oei/burst_controller_sm.vhd sub00/vhpl32 1488571340
AR buffer_10bit behavioral D:/cbradford/FiFoFix/GEL_CAPTAN/buffer_10bit.vhd sub00/vhpl59 1488571367
EN dataout_mux NULL D:/cbradford/FiFoFix/oei/dataout_mux.vhd sub00/vhpl12 1488571320
AR burst_traffic_controller burst_traffic_controller_arch D:/cbradford/FiFoFix/oei/burst_traffic_controller.vhd sub00/vhpl51 1488571359
AR version_blk behavioral D:/cbradford/FiFoFix/GEL_CAPTAN/VERSION_BLK.vhd sub00/vhpl55 1488571363
EN data_fifo_0 NULL D:/cbradford/FiFoFix/ipcore_dir/DATA_FIFO_0.vhd sub00/vhpl26 1488571334
AR udp_data_splicer udp_data_splicer_arch D:/cbradford/FiFoFix/oei/udp_data_splicer.vhd sub00/vhpl23 1488571331
AR address_container arch D:/cbradford/FiFoFix/oei/address_container.vhd sub00/vhpl03 1488571311
AR top_level behavioral D:/cbradford/FiFoFix/GEL_CAPTAN/TOP_LEVEL.vhf sub00/vhpl89 1488571397
AR mux64_8 behavioral D:/cbradford/FiFoFix/GEL_CAPTAN/MUX64_8.vhd sub00/vhpl57 1488571365
EN or33 NULL D:/cbradford/FiFoFix/oei/or33.vhd sub00/vhpl06 1488571314
EN d4_16e_mxilinx_top_level NULL D:/cbradford/FiFoFix/GEL_CAPTAN/TOP_LEVEL.vhf sub00/vhpl86 1488571394
EN adc_fifo NULL D:/cbradford/FiFoFix/GEL_CAPTAN/ipcore_dir/ADC_FIFO.vhd sub00/vhpl78 1488571386
AR tx_seq_ctl arch D:/cbradford/FiFoFix/oei/tx_seq_ctl.vhd sub00/vhpl39 1488571347
AR ethernet_fifo ethernet_fifo_a D:/cbradford/FiFoFix/GEL_CAPTAN/ipcore_dir/ethernet_FIFO.vhd sub00/vhpl67 1488571375
AR icmp_ping_shift_reg arch D:/cbradford/FiFoFix/oei/icmp_ping_shift_reg.vhd sub00/vhpl21 1488571329
AR fd16re_mxilinx_top_level behavioral D:/cbradford/FiFoFix/GEL_CAPTAN/TOP_LEVEL.vhf sub00/vhpl83 1488571391
AR clocklatchsignals behavioral D:/cbradford/FiFoFix/GEL_CAPTAN/ClockLatchSignals.vhd sub00/vhpl77 1488571385
AR decipherer decipherer_arch D:/cbradford/FiFoFix/oei/decipherer.vhd sub00/vhpl15 1488571323
EN ram_comm_dec NULL D:/cbradford/FiFoFix/oei/ram_comm_dec.vhd sub00/vhpl36 1488571344
EN tx_seq_ctl NULL D:/cbradford/FiFoFix/oei/tx_seq_ctl.vhd sub00/vhpl38 1488571346
AR adc_fifo adc_fifo_a D:/cbradford/FiFoFix/GEL_CAPTAN/ipcore_dir/ADC_FIFO.vhd sub00/vhpl79 1488571387
AR ethernet_controller_wrapper arch D:/cbradford/FiFoFix/oei/ethernet_controller_wrapper.vhd sub00/vhpl47 1488571355
EN rx_ctl NULL D:/cbradford/FiFoFix/oei/rx_ctl.vhd sub00/vhpl34 1488571342
AR filter_data_out filter_data_out_arch D:/cbradford/FiFoFix/oei/filter_data_out.vhd sub00/vhpl17 1488571325
AR psudodata behavioral D:/cbradford/FiFoFix/GEL_CAPTAN/psudoData.vhd sub00/vhpl73 1488571381
MO crc_gen NULL ../oei/crc_gen.v vlg21/crc__gen.bin 1488571308
EN pulser NULL D:/cbradford/FiFoFix/GEL_CAPTAN/Pulser.vhd sub00/vhpl64 1488571372
AR info_fifo_0 info_fifo_0_a D:/cbradford/FiFoFix/ipcore_dir/INFO_FIFO_0.vhd sub00/vhpl29 1488571337
AR pulser behavioral D:/cbradford/FiFoFix/GEL_CAPTAN/Pulser.vhd sub00/vhpl65 1488571373
AR psudo_data_allone behavioral D:/cbradford/FiFoFix/GEL_CAPTAN/psudo_data_allOne.vhd sub00/vhpl75 1488571383
EN version_blk NULL D:/cbradford/FiFoFix/GEL_CAPTAN/VERSION_BLK.vhd sub00/vhpl54 1488571362
AR data_send behavioral D:/cbradford/FiFoFix/GEL_CAPTAN/data_send.vhd sub00/vhpl71 1488571379
AR rx_ctl arch D:/cbradford/FiFoFix/oei/rx_ctl.vhd sub00/vhpl35 1488571343
EN peakfinder NULL D:/cbradford/FiFoFix/GEL_CAPTAN/PeakFinder.vhd sub00/vhpl68 1488571376
AR data_fifo_0 data_fifo_0_a D:/cbradford/FiFoFix/ipcore_dir/DATA_FIFO_0.vhd sub00/vhpl27 1488571335
AR ip_checksum_calc arch D:/cbradford/FiFoFix/oei/ip_checksum_calc.vhd sub00/vhpl09 1488571317
EN create_packet NULL D:/cbradford/FiFoFix/oei/create_packet.vhd sub00/vhpl10 1488571318
AR burst_controller_sm burst_controller_sm_arch D:/cbradford/FiFoFix/oei/burst_controller_sm.vhd sub00/vhpl33 1488571341
AR crc_splice arch D:/cbradford/FiFoFix/oei/crc_splice.vhd sub00/vhpl45 1488571353
AR d4_16e_mxilinx_top_level behavioral D:/cbradford/FiFoFix/GEL_CAPTAN/TOP_LEVEL.vhf sub00/vhpl87 1488571395
AR fd8re_mxilinx_top_level behavioral D:/cbradford/FiFoFix/GEL_CAPTAN/TOP_LEVEL.vhf sub00/vhpl81 1488571389
EN icmp_ping_shift_reg NULL D:/cbradford/FiFoFix/oei/icmp_ping_shift_reg.vhd sub00/vhpl20 1488571328
EN ethernet_fifo NULL D:/cbradford/FiFoFix/GEL_CAPTAN/ipcore_dir/ethernet_FIFO.vhd sub00/vhpl66 1488571374
AR ethernet_controller arch D:/cbradford/FiFoFix/oei/ethernet_controller.vhd sub00/vhpl41 1488571349
EN data_send NULL D:/cbradford/FiFoFix/GEL_CAPTAN/data_send.vhd sub00/vhpl70 1488571378
EN psudo_data_allone NULL D:/cbradford/FiFoFix/GEL_CAPTAN/psudo_data_allOne.vhd sub00/vhpl74 1488571382
EN icmp_ping_checksum_calc NULL D:/cbradford/FiFoFix/oei/icmp_ping_checksum_calc.vhd sub00/vhpl18 1488571326
AR icmp_ping_checksum_calc icmp_ping_checksum_calc_arch D:/cbradford/FiFoFix/oei/icmp_ping_checksum_calc.vhd sub00/vhpl19 1488571327
AR user_addrs_mux user_addrs_mux_arch D:/cbradford/FiFoFix/oei/user_addrs_mux.vhd sub00/vhpl25 1488571333
EN m2_1_mxilinx_top_level NULL D:/cbradford/FiFoFix/GEL_CAPTAN/TOP_LEVEL.vhf sub00/vhpl84 1488571392
EN psudodata NULL D:/cbradford/FiFoFix/GEL_CAPTAN/psudoData.vhd sub00/vhpl72 1488571380
EN buffer_10bit NULL D:/cbradford/FiFoFix/GEL_CAPTAN/buffer_10bit.vhd sub00/vhpl58 1488571366
AR create_packet create_packet_arch D:/cbradford/FiFoFix/oei/create_packet.vhd sub00/vhpl11 1488571319
EN burst_traffic_controller NULL D:/cbradford/FiFoFix/oei/burst_traffic_controller.vhd sub00/vhpl50 1488571358
AR or33 or33_arch D:/cbradford/FiFoFix/oei/or33.vhd sub00/vhpl07 1488571315
AR arp_reply arp_reply_arch D:/cbradford/FiFoFix/oei/arp_reply.vhd sub00/vhpl05 1488571313
EN user_addrs_mux NULL D:/cbradford/FiFoFix/oei/user_addrs_mux.vhd sub00/vhpl24 1488571332
EN trigger_recv_blk NULL D:/cbradford/FiFoFix/GEL_CAPTAN/trigger_recv_blk.vhd sub00/vhpl60 1488571368
EN mii_100_1000_handler NULL D:/cbradford/FiFoFix/oei/xmii_handler.vhd sub00/vhpl42 1488571350
EN crc_splice NULL D:/cbradford/FiFoFix/oei/crc_splice.vhd sub00/vhpl44 1488571352
AR ethernet_interface behavioral D:/cbradford/FiFoFix/oei/ethernet_interface.vhd sub00/vhpl63 1488571371
EN ethernet_interface NULL D:/cbradford/FiFoFix/oei/ethernet_interface.vhd sub00/vhpl62 1488571370
EN fd16re_mxilinx_top_level NULL D:/cbradford/FiFoFix/GEL_CAPTAN/TOP_LEVEL.vhf sub00/vhpl82 1488571390
EN udp_data_splicer NULL D:/cbradford/FiFoFix/oei/udp_data_splicer.vhd sub00/vhpl22 1488571330
AR dataout_mux dataout_mux_arch D:/cbradford/FiFoFix/oei/dataout_mux.vhd sub00/vhpl13 1488571321
AR data_manager behavioral D:/cbradford/FiFoFix/oei/data_manager.vhd sub00/vhpl49 1488571357
EN info_fifo_0 NULL D:/cbradford/FiFoFix/ipcore_dir/INFO_FIFO_0.vhd sub00/vhpl28 1488571336
EN arp_reply NULL D:/cbradford/FiFoFix/oei/arp_reply.vhd sub00/vhpl04 1488571312
MO crc_chk NULL ../oei/crc_chk.v vlg49/crc__chk.bin 1488571308
AR mii_100_1000_handler arch D:/cbradford/FiFoFix/oei/xmii_handler.vhd sub00/vhpl43 1488571351
PB params_package params_package D:/cbradford/FiFoFix/oei/params_package.vhd sub00/vhpl01 1488571309
EN mux64_8 NULL D:/cbradford/FiFoFix/GEL_CAPTAN/MUX64_8.vhd sub00/vhpl56 1488571364
EN top_level NULL D:/cbradford/FiFoFix/GEL_CAPTAN/TOP_LEVEL.vhf sub00/vhpl88 1488571396
EN decipherer NULL D:/cbradford/FiFoFix/oei/decipherer.vhd sub00/vhpl14 1488571322
EN addr_fifo NULL D:/cbradford/FiFoFix/ipcore_dir/ADDR_FIFO.vhd sub00/vhpl30 1488571338
EN clocklatchsignals NULL D:/cbradford/FiFoFix/GEL_CAPTAN/ClockLatchSignals.vhd sub00/vhpl76 1488571384
