AR trigger_recv_blk behavioral D:/cbradford/FiFoFix/GEL_CAPTAN/trigger_recv_blk.vhd sub00/vhpl61 1486154547
AR peakfinder behavioral D:/cbradford/FiFoFix/GEL_CAPTAN/PeakFinder.vhd sub00/vhpl69 1486154555
EN address_container NULL D:/cbradford/FiFoFix/oei/address_container.vhd sub00/vhpl02 1486154488
AR m2_1_mxilinx_top_level behavioral D:/cbradford/FiFoFix/GEL_CAPTAN/TOP_LEVEL.vhf sub00/vhpl85 1486154571
EN ethernet_controller NULL D:/cbradford/FiFoFix/oei/ethernet_controller.vhd sub00/vhpl40 1486154526
AR reset_mgr behavioral D:/cbradford/FiFoFix/oei/reset_mgr.vhd sub00/vhpl53 1486154539
EN filter_data_out NULL D:/cbradford/FiFoFix/oei/filter_data_out.vhd sub00/vhpl16 1486154502
PH params_package NULL D:/cbradford/FiFoFix/oei/params_package.vhd sub00/vhpl00 1486154486
EN ethernet_controller_wrapper NULL D:/cbradford/FiFoFix/oei/ethernet_controller_wrapper.vhd sub00/vhpl46 1486154532
AR addr_fifo addr_fifo_a D:/cbradford/FiFoFix/ipcore_dir/ADDR_FIFO.vhd sub00/vhpl31 1486154517
EN reset_mgr NULL D:/cbradford/FiFoFix/oei/reset_mgr.vhd sub00/vhpl52 1486154538
AR ram_comm_dec arch D:/cbradford/FiFoFix/oei/ram_comm_dec.vhd sub00/vhpl37 1486154523
EN ip_checksum_calc NULL D:/cbradford/FiFoFix/oei/ip_checksum_calc.vhd sub00/vhpl08 1486154494
EN data_manager NULL D:/cbradford/FiFoFix/oei/data_manager.vhd sub00/vhpl48 1486154534
EN fd8re_mxilinx_top_level NULL D:/cbradford/FiFoFix/GEL_CAPTAN/TOP_LEVEL.vhf sub00/vhpl80 1486154566
EN burst_controller_sm NULL D:/cbradford/FiFoFix/oei/burst_controller_sm.vhd sub00/vhpl32 1486154518
AR buffer_10bit behavioral D:/cbradford/FiFoFix/GEL_CAPTAN/buffer_10bit.vhd sub00/vhpl59 1486154545
EN dataout_mux NULL D:/cbradford/FiFoFix/oei/dataout_mux.vhd sub00/vhpl12 1486154498
AR burst_traffic_controller burst_traffic_controller_arch D:/cbradford/FiFoFix/oei/burst_traffic_controller.vhd sub00/vhpl51 1486154537
AR version_blk behavioral D:/cbradford/FiFoFix/GEL_CAPTAN/VERSION_BLK.vhd sub00/vhpl55 1486154541
EN data_fifo_0 NULL D:/cbradford/FiFoFix/ipcore_dir/DATA_FIFO_0.vhd sub00/vhpl26 1486154512
AR udp_data_splicer udp_data_splicer_arch D:/cbradford/FiFoFix/oei/udp_data_splicer.vhd sub00/vhpl23 1486154509
AR address_container arch D:/cbradford/FiFoFix/oei/address_container.vhd sub00/vhpl03 1486154489
EN or33 NULL D:/cbradford/FiFoFix/oei/or33.vhd sub00/vhpl06 1486154492
AR mux64_8 behavioral D:/cbradford/FiFoFix/GEL_CAPTAN/MUX64_8.vhd sub00/vhpl57 1486154543
AR top_level behavioral D:/cbradford/FiFoFix/GEL_CAPTAN/TOP_LEVEL.vhf sub00/vhpl89 1486154575
EN d4_16e_mxilinx_top_level NULL D:/cbradford/FiFoFix/GEL_CAPTAN/TOP_LEVEL.vhf sub00/vhpl86 1486154572
EN adc_fifo NULL D:/cbradford/FiFoFix/GEL_CAPTAN/ipcore_dir/ADC_FIFO.vhd sub00/vhpl78 1486154564
AR tx_seq_ctl arch D:/cbradford/FiFoFix/oei/tx_seq_ctl.vhd sub00/vhpl39 1486154525
AR ethernet_fifo ethernet_fifo_a D:/cbradford/FiFoFix/GEL_CAPTAN/ipcore_dir/ethernet_FIFO.vhd sub00/vhpl67 1486154553
AR icmp_ping_shift_reg arch D:/cbradford/FiFoFix/oei/icmp_ping_shift_reg.vhd sub00/vhpl21 1486154507
AR fd16re_mxilinx_top_level behavioral D:/cbradford/FiFoFix/GEL_CAPTAN/TOP_LEVEL.vhf sub00/vhpl83 1486154569
AR clocklatchsignals behavioral D:/cbradford/FiFoFix/GEL_CAPTAN/ClockLatchSignals.vhd sub00/vhpl77 1486154563
AR decipherer decipherer_arch D:/cbradford/FiFoFix/oei/decipherer.vhd sub00/vhpl15 1486154501
EN ram_comm_dec NULL D:/cbradford/FiFoFix/oei/ram_comm_dec.vhd sub00/vhpl36 1486154522
EN tx_seq_ctl NULL D:/cbradford/FiFoFix/oei/tx_seq_ctl.vhd sub00/vhpl38 1486154524
AR ethernet_controller_wrapper arch D:/cbradford/FiFoFix/oei/ethernet_controller_wrapper.vhd sub00/vhpl47 1486154533
AR adc_fifo adc_fifo_a D:/cbradford/FiFoFix/GEL_CAPTAN/ipcore_dir/ADC_FIFO.vhd sub00/vhpl79 1486154565
EN rx_ctl NULL D:/cbradford/FiFoFix/oei/rx_ctl.vhd sub00/vhpl34 1486154520
AR filter_data_out filter_data_out_arch D:/cbradford/FiFoFix/oei/filter_data_out.vhd sub00/vhpl17 1486154503
AR psudodata behavioral D:/cbradford/FiFoFix/GEL_CAPTAN/psudoData.vhd sub00/vhpl73 1486154559
MO crc_gen NULL ../oei/crc_gen.v vlg21/crc__gen.bin 1486154486
EN pulser NULL D:/cbradford/FiFoFix/GEL_CAPTAN/Pulser.vhd sub00/vhpl64 1486154550
AR info_fifo_0 info_fifo_0_a D:/cbradford/FiFoFix/ipcore_dir/INFO_FIFO_0.vhd sub00/vhpl29 1486154515
AR pulser behavioral D:/cbradford/FiFoFix/GEL_CAPTAN/Pulser.vhd sub00/vhpl65 1486154551
AR psudo_data_allone behavioral D:/cbradford/FiFoFix/GEL_CAPTAN/psudo_data_allOne.vhd sub00/vhpl75 1486154561
EN version_blk NULL D:/cbradford/FiFoFix/GEL_CAPTAN/VERSION_BLK.vhd sub00/vhpl54 1486154540
AR data_send behavioral D:/cbradford/FiFoFix/GEL_CAPTAN/data_send.vhd sub00/vhpl71 1486154557
AR rx_ctl arch D:/cbradford/FiFoFix/oei/rx_ctl.vhd sub00/vhpl35 1486154521
EN peakfinder NULL D:/cbradford/FiFoFix/GEL_CAPTAN/PeakFinder.vhd sub00/vhpl68 1486154554
AR data_fifo_0 data_fifo_0_a D:/cbradford/FiFoFix/ipcore_dir/DATA_FIFO_0.vhd sub00/vhpl27 1486154513
AR ip_checksum_calc arch D:/cbradford/FiFoFix/oei/ip_checksum_calc.vhd sub00/vhpl09 1486154495
EN create_packet NULL D:/cbradford/FiFoFix/oei/create_packet.vhd sub00/vhpl10 1486154496
AR burst_controller_sm burst_controller_sm_arch D:/cbradford/FiFoFix/oei/burst_controller_sm.vhd sub00/vhpl33 1486154519
AR crc_splice arch D:/cbradford/FiFoFix/oei/crc_splice.vhd sub00/vhpl45 1486154531
AR d4_16e_mxilinx_top_level behavioral D:/cbradford/FiFoFix/GEL_CAPTAN/TOP_LEVEL.vhf sub00/vhpl87 1486154573
AR fd8re_mxilinx_top_level behavioral D:/cbradford/FiFoFix/GEL_CAPTAN/TOP_LEVEL.vhf sub00/vhpl81 1486154567
EN icmp_ping_shift_reg NULL D:/cbradford/FiFoFix/oei/icmp_ping_shift_reg.vhd sub00/vhpl20 1486154506
EN ethernet_fifo NULL D:/cbradford/FiFoFix/GEL_CAPTAN/ipcore_dir/ethernet_FIFO.vhd sub00/vhpl66 1486154552
AR ethernet_controller arch D:/cbradford/FiFoFix/oei/ethernet_controller.vhd sub00/vhpl41 1486154527
EN data_send NULL D:/cbradford/FiFoFix/GEL_CAPTAN/data_send.vhd sub00/vhpl70 1486154556
EN psudo_data_allone NULL D:/cbradford/FiFoFix/GEL_CAPTAN/psudo_data_allOne.vhd sub00/vhpl74 1486154560
EN icmp_ping_checksum_calc NULL D:/cbradford/FiFoFix/oei/icmp_ping_checksum_calc.vhd sub00/vhpl18 1486154504
AR icmp_ping_checksum_calc icmp_ping_checksum_calc_arch D:/cbradford/FiFoFix/oei/icmp_ping_checksum_calc.vhd sub00/vhpl19 1486154505
AR user_addrs_mux user_addrs_mux_arch D:/cbradford/FiFoFix/oei/user_addrs_mux.vhd sub00/vhpl25 1486154511
EN m2_1_mxilinx_top_level NULL D:/cbradford/FiFoFix/GEL_CAPTAN/TOP_LEVEL.vhf sub00/vhpl84 1486154570
EN psudodata NULL D:/cbradford/FiFoFix/GEL_CAPTAN/psudoData.vhd sub00/vhpl72 1486154558
EN buffer_10bit NULL D:/cbradford/FiFoFix/GEL_CAPTAN/buffer_10bit.vhd sub00/vhpl58 1486154544
AR create_packet create_packet_arch D:/cbradford/FiFoFix/oei/create_packet.vhd sub00/vhpl11 1486154497
EN burst_traffic_controller NULL D:/cbradford/FiFoFix/oei/burst_traffic_controller.vhd sub00/vhpl50 1486154536
AR or33 or33_arch D:/cbradford/FiFoFix/oei/or33.vhd sub00/vhpl07 1486154493
AR arp_reply arp_reply_arch D:/cbradford/FiFoFix/oei/arp_reply.vhd sub00/vhpl05 1486154491
EN user_addrs_mux NULL D:/cbradford/FiFoFix/oei/user_addrs_mux.vhd sub00/vhpl24 1486154510
EN trigger_recv_blk NULL D:/cbradford/FiFoFix/GEL_CAPTAN/trigger_recv_blk.vhd sub00/vhpl60 1486154546
EN mii_100_1000_handler NULL D:/cbradford/FiFoFix/oei/xmii_handler.vhd sub00/vhpl42 1486154528
EN crc_splice NULL D:/cbradford/FiFoFix/oei/crc_splice.vhd sub00/vhpl44 1486154530
AR ethernet_interface behavioral D:/cbradford/FiFoFix/oei/ethernet_interface.vhd sub00/vhpl63 1486154549
EN ethernet_interface NULL D:/cbradford/FiFoFix/oei/ethernet_interface.vhd sub00/vhpl62 1486154548
EN fd16re_mxilinx_top_level NULL D:/cbradford/FiFoFix/GEL_CAPTAN/TOP_LEVEL.vhf sub00/vhpl82 1486154568
EN udp_data_splicer NULL D:/cbradford/FiFoFix/oei/udp_data_splicer.vhd sub00/vhpl22 1486154508
AR dataout_mux dataout_mux_arch D:/cbradford/FiFoFix/oei/dataout_mux.vhd sub00/vhpl13 1486154499
AR data_manager behavioral D:/cbradford/FiFoFix/oei/data_manager.vhd sub00/vhpl49 1486154535
EN info_fifo_0 NULL D:/cbradford/FiFoFix/ipcore_dir/INFO_FIFO_0.vhd sub00/vhpl28 1486154514
EN arp_reply NULL D:/cbradford/FiFoFix/oei/arp_reply.vhd sub00/vhpl04 1486154490
MO crc_chk NULL ../oei/crc_chk.v vlg49/crc__chk.bin 1486154486
AR mii_100_1000_handler arch D:/cbradford/FiFoFix/oei/xmii_handler.vhd sub00/vhpl43 1486154529
PB params_package params_package D:/cbradford/FiFoFix/oei/params_package.vhd sub00/vhpl01 1486154487
EN mux64_8 NULL D:/cbradford/FiFoFix/GEL_CAPTAN/MUX64_8.vhd sub00/vhpl56 1486154542
EN top_level NULL D:/cbradford/FiFoFix/GEL_CAPTAN/TOP_LEVEL.vhf sub00/vhpl88 1486154574
EN decipherer NULL D:/cbradford/FiFoFix/oei/decipherer.vhd sub00/vhpl14 1486154500
EN addr_fifo NULL D:/cbradford/FiFoFix/ipcore_dir/ADDR_FIFO.vhd sub00/vhpl30 1486154516
EN clocklatchsignals NULL D:/cbradford/FiFoFix/GEL_CAPTAN/ClockLatchSignals.vhd sub00/vhpl76 1486154562
